// Jest Snapshot v1, https://goo.gl/fbAQLP

exports[`画面レイアウト スナップショットテスト 1`] = `"<v-footer absolute=\\"true\\" app=\\"\\" color=\\"purple lighten-3\\"><span>© 2022</span></v-footer>"`;
