// Jest Snapshot v1, https://goo.gl/fbAQLP

exports[`画面レイアウト スナップショットテスト 1`] = `
"<div>
  <v-navigation-drawer fixed=\\"\\" app=\\"\\">
    <v-list>
      <v-list-item to=\\"/\\" router=\\"\\" exact=\\"\\">
        <v-list-item-action>
          <v-icon>mdi-apps</v-icon>
        </v-list-item-action>
        <v-list-item-content>
          <v-list-item-title>Welcome</v-list-item-title>
        </v-list-item-content>
      </v-list-item>
      <v-list-item to=\\"/book\\" router=\\"\\" exact=\\"\\">
        <v-list-item-action>
          <v-icon>mdi-chart-bubble</v-icon>
        </v-list-item-action>
        <v-list-item-content>
          <v-list-item-title>BookList</v-list-item-title>
        </v-list-item-content>
      </v-list-item>
    </v-list>
  </v-navigation-drawer>
  <v-app-bar fixed=\\"\\" app=\\"\\">
    <v-app-bar-nav-icon></v-app-bar-nav-icon>
    <v-toolbar-title>書籍管理アプリ</v-toolbar-title>
    <v-spacer></v-spacer>
  </v-app-bar>
</div>"
`;
